// Jest Snapshot v1, https://goo.gl/fbAQLP

exports[`Home should render Home 1`] = `
<div>
  <div>
    <div>
      Brand Select
    </div>
    <div>
      Model Select
    </div>
    <div>
      Vehicle Details
    </div>
  </div>
</div>
`;
