// Jest Snapshot v1, https://goo.gl/fbAQLP

exports[`ModelSelect should render ModelSelect 1`] = `
<div>
  <div
    class="select-item-container"
  >
    <label
      class="select-label"
      data-testid="select-item"
      for="brand"
    >
      Please select your 
      <strong>
        model
      </strong>
      :
    </label>
    <select
      data-testid="select"
      id="model-list"
    >
      <option>
        --Please choose an option--
      </option>
      <option
        data-testid="select-option"
        value="1er"
      >
        1er
      </option>
      <option
        data-testid="select-option"
        value="2er"
      >
        2er
      </option>
      <option
        data-testid="select-option"
        value="3er"
      >
        3er
      </option>
      <option
        data-testid="select-option"
        value="4er"
      >
        4er
      </option>
      <option
        data-testid="select-option"
        value="5er"
      >
        5er
      </option>
      <option
        data-testid="select-option"
        value="6er"
      >
        6er
      </option>
      <option
        data-testid="select-option"
        value="7er"
      >
        7er
      </option>
      <option
        data-testid="select-option"
        value="8er"
      >
        8er
      </option>
    </select>
  </div>
</div>
`;
